// Jest Snapshot v1, https://goo.gl/fbAQLP

exports[`Tests in Entry Component should match snapshot 1`] = `
<div class="entry-container mb-3 pointer p-2">
  <div class="entry-title d-flex"><span class="text-success fs-5 fw-bold">13</span><span class="mx-1 fs-5">Dec</span><span class="mx-2 fw-light">2021, Mon</span></div>
  <div class="entry-description">this is my first entry in vuex test</div>
</div>
`;
