// Jest Snapshot v1, https://goo.gl/fbAQLP

exports[`Tests in About View Should match snapshot 1`] = `
<div class="about">
  <h1>This is an about page</h1>
</div>
`;
